#-----------------------------------------------------------
# Vivado v2018.3 (64-bit)
# SW Build 2405991 on Thu Dec  6 23:38:27 MST 2018
# IP Build 2404404 on Fri Dec  7 01:43:56 MST 2018
# Start of session at: Sun Apr 18 23:00:48 2021
# Process ID: 5128
# Current directory: H:/GitRepositories/hw-sw-codesign-projects/xadc_lcd
# Command line: vivado.exe -gui_launcher_event rodinguilauncherevent4428 H:\GitRepositories\hw-sw-codesign-projects\xadc_lcd\xadc_lcd.xpr
# Log file: H:/GitRepositories/hw-sw-codesign-projects/xadc_lcd/vivado.log
# Journal file: H:/GitRepositories/hw-sw-codesign-projects/xadc_lcd\vivado.jou
#-----------------------------------------------------------
start_gui
open_project H:/GitRepositories/hw-sw-codesign-projects/xadc_lcd/xadc_lcd.xpr
update_compile_order -fileset sources_1
open_bd_design {H:/GitRepositories/hw-sw-codesign-projects/xadc_lcd/xadc_lcd.srcs/sources_1/bd/system/system.bd}
startgroup
set_property -dict [list CONFIG.CHANNEL_ENABLE_VCCINT {true} CONFIG.CHANNEL_ENABLE_VCCAUX {true}] [get_bd_cells xadc_wiz_0]
endgroup
delete_bd_objs [get_bd_intf_nets ps7_0_axi_periph_M04_AXI] [get_bd_nets Net] [get_bd_cells lcd_ip]
delete_bd_objs [get_bd_ports LCD]
delete_bd_objs [get_bd_intf_nets ps7_0_axi_periph_M02_AXI] [get_bd_nets led_ip_LED] [get_bd_cells led_ip]
delete_bd_objs [get_bd_ports LED]
delete_bd_objs [get_bd_intf_nets buttons_GPIO] [get_bd_intf_nets ps7_0_axi_periph_M01_AXI] [get_bd_cells buttons]
undo
undo
undo
regenerate_bd_layout
regenerate_bd_layout -routing
startgroup
set_property -dict [list CONFIG.NUM_MI {4}] [get_bd_cells ps7_0_axi_periph]
endgroup
regenerate_bd_layout
validate_bd_design
save_bd_design
reset_run synth_1
reset_run system_xbar_0_synth_1
reset_run system_xadc_wiz_0_0_synth_1
launch_runs impl_1 -to_step write_bitstream -jobs 8
wait_on_run impl_1
open_run synth_1 -name synth_1
export_ip_user_files -of_objects  [get_files {{H:/GitRepositories/hw-sw-codesign-projects/xadc_lcd/xadc_lcd.srcs/constrs_1/imports/Resources exercise LCD/lcd_8_bits_incomplete.xdc}}] -no_script -reset -force -quiet
remove_files  -fileset constrs_1 {{H:/GitRepositories/hw-sw-codesign-projects/xadc_lcd/xadc_lcd.srcs/constrs_1/imports/Resources exercise LCD/lcd_8_bits_incomplete.xdc}}
file delete -force {H:/GitRepositories/hw-sw-codesign-projects/xadc_lcd/xadc_lcd.srcs/constrs_1/imports/Resources exercise LCD/lcd_8_bits_incomplete.xdc}
file mkdir H:/GitRepositories/hw-sw-codesign-projects/xadc_lcd/xadc_lcd.srcs/constrs_1/new
close [ open H:/GitRepositories/hw-sw-codesign-projects/xadc_lcd/xadc_lcd.srcs/constrs_1/new/xadc_constrains.xdc w ]
add_files -fileset constrs_1 H:/GitRepositories/hw-sw-codesign-projects/xadc_lcd/xadc_lcd.srcs/constrs_1/new/xadc_constrains.xdc
open_bd_design {H:/GitRepositories/hw-sw-codesign-projects/xadc_lcd/xadc_lcd.srcs/sources_1/bd/system/system.bd}
open_bd_design {H:/GitRepositories/hw-sw-codesign-projects/xadc_lcd/xadc_lcd.srcs/sources_1/bd/system/system.bd}
delete_bd_objs [get_bd_intf_nets Vaux8_0_1]
delete_bd_objs [get_bd_intf_nets Vaux0_0_1]
delete_bd_objs [get_bd_intf_nets Vp_Vn_0_1]
startgroup
make_bd_pins_external  [get_bd_pins xadc_wiz_0/vn_in]
endgroup
delete_bd_objs [get_bd_nets vn_in_0_1]
startgroup
make_bd_pins_external  [get_bd_pins xadc_wiz_0/vp_in]
endgroup
startgroup
make_bd_pins_external  [get_bd_pins xadc_wiz_0/vauxp0]
endgroup
startgroup
make_bd_pins_external  [get_bd_pins xadc_wiz_0/vauxp8]
endgroup
regenerate_bd_layout
delete_bd_objs [get_bd_intf_ports Vaux0]
delete_bd_objs [get_bd_intf_ports Vaux8]
delete_bd_objs [get_bd_intf_ports Vp_Vn]
delete_bd_objs [get_bd_ports vn_in_0]
regenerate_bd_layout
set_property name Vp [get_bd_ports vp_in_0]
set_property name vauxp0 [get_bd_ports vauxp0_0]
set_property name vauxp8 [get_bd_ports vauxp8_0]
set_property name Vaux8p [get_bd_ports vauxp8]
set_property name Vaux0p [get_bd_ports vauxp0]
save_bd_design
reset_run synth_1
launch_runs synth_1 -jobs 8
wait_on_run synth_1
launch_runs impl_1 -jobs 8
wait_on_run impl_1
open_run impl_1
launch_runs impl_1 -to_step write_bitstream -jobs 8
wait_on_run impl_1
file copy -force H:/GitRepositories/hw-sw-codesign-projects/xadc_lcd/xadc_lcd.runs/impl_1/system_wrapper.sysdef H:/GitRepositories/hw-sw-codesign-projects/xadc_lcd/xadc_lcd.sdk/system_wrapper.hdf

launch_sdk -workspace H:/GitRepositories/hw-sw-codesign-projects/xadc_lcd/xadc_lcd.sdk -hwspec H:/GitRepositories/hw-sw-codesign-projects/xadc_lcd/xadc_lcd.sdk/system_wrapper.hdf
