#-----------------------------------------------------------
# Vivado v2018.3 (64-bit)
# SW Build 2405991 on Thu Dec  6 23:38:27 MST 2018
# IP Build 2404404 on Fri Dec  7 01:43:56 MST 2018
# Start of session at: Wed Mar 17 16:56:57 2021
# Process ID: 11124
# Current directory: H:/GitRepositories/hw-sw-codesign-projects/lab3_exerciseLCD
# Command line: vivado.exe -gui_launcher_event rodinguilauncherevent1068 H:\GitRepositories\hw-sw-codesign-projects\lab3_exerciseLCD\lab3_exerciseLCD.xpr
# Log file: H:/GitRepositories/hw-sw-codesign-projects/lab3_exerciseLCD/vivado.log
# Journal file: H:/GitRepositories/hw-sw-codesign-projects/lab3_exerciseLCD\vivado.jou
#-----------------------------------------------------------
start_gui
open_project H:/GitRepositories/hw-sw-codesign-projects/lab3_exerciseLCD/lab3_exerciseLCD.xpr
update_compile_order -fileset sources_1
launch_sdk -workspace H:/GitRepositories/hw-sw-codesign-projects/lab3_exerciseLCD/lab3_exerciseLCD.sdk -hwspec H:/GitRepositories/hw-sw-codesign-projects/lab3_exerciseLCD/lab3_exerciseLCD.sdk/system_wrapper.hdf
launch_sdk -workspace H:/GitRepositories/hw-sw-codesign-projects/lab3_exerciseLCD/lab3_exerciseLCD.sdk -hwspec H:/GitRepositories/hw-sw-codesign-projects/lab3_exerciseLCD/lab3_exerciseLCD.sdk/system_wrapper.hdf
launch_sdk -workspace H:/GitRepositories/hw-sw-codesign-projects/lab3_exerciseLCD/lab3_exerciseLCD.sdk -hwspec H:/GitRepositories/hw-sw-codesign-projects/lab3_exerciseLCD/lab3_exerciseLCD.sdk/system_wrapper.hdf
launch_sdk -workspace H:/GitRepositories/hw-sw-codesign-projects/lab3_exerciseLCD/lab3_exerciseLCD.sdk -hwspec H:/GitRepositories/hw-sw-codesign-projects/lab3_exerciseLCD/lab3_exerciseLCD.sdk/system_wrapper.hdf
