#-----------------------------------------------------------
# Vivado v2018.3 (64-bit)
# SW Build 2405991 on Thu Dec  6 23:38:27 MST 2018
# IP Build 2404404 on Fri Dec  7 01:43:56 MST 2018
# Start of session at: Thu Apr 29 12:38:31 2021
# Process ID: 2152
# Current directory: H:/GitR/hw-sw-codesign-projects/lab3_exerciseLCD
# Command line: vivado.exe -gui_launcher_event rodinguilauncherevent5340 H:\GitR\hw-sw-codesign-projects\lab3_exerciseLCD\lab3_exerciseLCD.xpr
# Log file: H:/GitR/hw-sw-codesign-projects/lab3_exerciseLCD/vivado.log
# Journal file: H:/GitR/hw-sw-codesign-projects/lab3_exerciseLCD\vivado.jou
#-----------------------------------------------------------
start_gui
open_project H:/GitR/hw-sw-codesign-projects/lab3_exerciseLCD/lab3_exerciseLCD.xpr
open_bd_design {H:/GitR/hw-sw-codesign-projects/lab3_exerciseLCD/lab3_exerciseLCD.srcs/sources_1/bd/system/system.bd}
update_compile_order -fileset sources_1
launch_sdk -workspace H:/GitR/hw-sw-codesign-projects/lab3_exerciseLCD/lab3_exerciseLCD.sdk -hwspec H:/GitR/hw-sw-codesign-projects/lab3_exerciseLCD/lab3_exerciseLCD.sdk/system_wrapper.hdf
archive_project H:/Escritorio/lab3_exerciseLCD.xpr.zip -temp_dir H:/Escritorio -force -include_local_ip_cache -include_config_settings
