#-----------------------------------------------------------
# Vivado v2018.3 (64-bit)
# SW Build 2405991 on Thu Dec  6 23:38:27 MST 2018
# IP Build 2404404 on Fri Dec  7 01:43:56 MST 2018
# Start of session at: Thu Apr  8 13:07:39 2021
# Process ID: 16768
# Current directory: H:/GitRepositories/hw-sw-codesign-projects/sin_hw_sw_comp
# Command line: vivado.exe -gui_launcher_event rodinguilauncherevent6152 H:\GitRepositories\hw-sw-codesign-projects\sin_hw_sw_comp\sin_hw_sw_comp.xpr
# Log file: H:/GitRepositories/hw-sw-codesign-projects/sin_hw_sw_comp/vivado.log
# Journal file: H:/GitRepositories/hw-sw-codesign-projects/sin_hw_sw_comp\vivado.jou
#-----------------------------------------------------------
start_gui
open_project H:/GitRepositories/hw-sw-codesign-projects/sin_hw_sw_comp/sin_hw_sw_comp.xpr
update_compile_order -fileset sources_1
launch_sdk -workspace H:/GitRepositories/hw-sw-codesign-projects/sin_hw_sw_comp/sin_hw_sw_comp.sdk -hwspec H:/GitRepositories/hw-sw-codesign-projects/sin_hw_sw_comp/sin_hw_sw_comp.sdk/system_wrapper.hdf
